// Jest Snapshot v1, https://goo.gl/fbAQLP

exports[`Contact Page renders contact page correctly 1`] = `
<div>
  <div
    class="flex flex-col"
  >
    <section
      class="relative bg-gradient-to-b from-background to-muted/20 px-6 py-24 sm:py-32 lg:px-8"
    >
      <div
        class="mx-auto max-w-2xl text-center"
      >
        <h1
          class="text-4xl font-bold tracking-tight text-foreground sm:text-5xl"
        >
          Get in Touch
        </h1>
        <p
          class="mt-6 text-lg leading-8 text-muted-foreground"
        >
          Ready to transform your security infrastructure? Let's discuss how SecureWatch AI can meet your specific needs.
        </p>
      </div>
    </section>
    <section
      class="py-24 sm:py-32"
    >
      <div
        class="mx-auto max-w-7xl px-6 lg:px-8"
      >
        <div
          class="grid grid-cols-1 gap-x-8 gap-y-10 lg:grid-cols-2"
        >
          <div
            class="rounded-lg border bg-card text-card-foreground shadow-sm"
          >
            <div
              class="flex flex-col space-y-1.5 p-6"
            >
              <h3
                class="text-2xl font-semibold leading-none tracking-tight"
              >
                Send us a message
              </h3>
              <p
                class="text-sm text-muted-foreground"
              >
                Fill out the form below and we'll get back to you within 24 hours.
              </p>
            </div>
            <div
              class="p-6 pt-0"
            >
              <form
                class="space-y-6"
              >
                <div
                  class="space-y-2"
                >
                  <label
                    class="text-sm font-medium leading-none peer-disabled:cursor-not-allowed peer-disabled:opacity-70"
                    for="name"
                  >
                    Name *
                  </label>
                  <input
                    class="flex h-10 w-full rounded-md border border-input bg-background px-3 py-2 text-sm ring-offset-background file:border-0 file:bg-transparent file:text-sm file:font-medium placeholder:text-muted-foreground focus-visible:outline-none focus-visible:ring-2 focus-visible:ring-ring focus-visible:ring-offset-2 disabled:cursor-not-allowed disabled:opacity-50"
                    id="name"
                    name="name"
                    placeholder="Your full name"
                  />
                </div>
                <div
                  class="space-y-2"
                >
                  <label
                    class="text-sm font-medium leading-none peer-disabled:cursor-not-allowed peer-disabled:opacity-70"
                    for="email"
                  >
                    Email *
                  </label>
                  <input
                    class="flex h-10 w-full rounded-md border border-input bg-background px-3 py-2 text-sm ring-offset-background file:border-0 file:bg-transparent file:text-sm file:font-medium placeholder:text-muted-foreground focus-visible:outline-none focus-visible:ring-2 focus-visible:ring-ring focus-visible:ring-offset-2 disabled:cursor-not-allowed disabled:opacity-50"
                    id="email"
                    name="email"
                    placeholder="your.email@company.com"
                    type="email"
                  />
                </div>
                <div
                  class="space-y-2"
                >
                  <label
                    class="text-sm font-medium leading-none peer-disabled:cursor-not-allowed peer-disabled:opacity-70"
                    for="company"
                  >
                    Company *
                  </label>
                  <input
                    class="flex h-10 w-full rounded-md border border-input bg-background px-3 py-2 text-sm ring-offset-background file:border-0 file:bg-transparent file:text-sm file:font-medium placeholder:text-muted-foreground focus-visible:outline-none focus-visible:ring-2 focus-visible:ring-ring focus-visible:ring-offset-2 disabled:cursor-not-allowed disabled:opacity-50"
                    id="company"
                    name="company"
                    placeholder="Your company name"
                  />
                </div>
                <div
                  class="space-y-2"
                >
                  <label
                    class="text-sm font-medium leading-none peer-disabled:cursor-not-allowed peer-disabled:opacity-70"
                    for="message"
                  >
                    Message *
                  </label>
                  <textarea
                    class="flex min-h-[80px] w-full rounded-md border border-input bg-background px-3 py-2 text-sm ring-offset-background placeholder:text-muted-foreground focus-visible:outline-none focus-visible:ring-2 focus-visible:ring-ring focus-visible:ring-offset-2 disabled:cursor-not-allowed disabled:opacity-50"
                    id="message"
                    name="message"
                    placeholder="Tell us about your security requirements, number of cameras, locations, and any specific needs..."
                    rows="5"
                  />
                </div>
                <button
                  class="inline-flex items-center justify-center whitespace-nowrap rounded-md text-sm font-medium ring-offset-background transition-colors focus-visible:outline-none focus-visible:ring-2 focus-visible:ring-ring focus-visible:ring-offset-2 disabled:pointer-events-none disabled:opacity-50 bg-primary text-primary-foreground hover:bg-primary/90 h-10 px-4 py-2 w-full"
                  type="submit"
                >
                  Send Message
                </button>
              </form>
            </div>
          </div>
          <div
            class="space-y-8"
          >
            <div>
              <h2
                class="text-2xl font-bold tracking-tight text-foreground"
              >
                Contact Information
              </h2>
              <p
                class="mt-4 text-lg text-muted-foreground"
              >
                Prefer to reach out directly? Here are additional ways to get in touch.
              </p>
            </div>
            <div
              class="space-y-6"
            >
              <div
                class="flex items-start space-x-4"
              >
                <div
                  class="flex h-10 w-10 items-center justify-center rounded-lg bg-primary/10"
                >
                  <svg
                    class="lucide lucide-mail h-5 w-5 text-primary"
                    fill="none"
                    height="24"
                    stroke="currentColor"
                    stroke-linecap="round"
                    stroke-linejoin="round"
                    stroke-width="2"
                    viewBox="0 0 24 24"
                    width="24"
                    xmlns="http://www.w3.org/2000/svg"
                  >
                    <rect
                      height="16"
                      rx="2"
                      width="20"
                      x="2"
                      y="4"
                    />
                    <path
                      d="m22 7-8.97 5.7a1.94 1.94 0 0 1-2.06 0L2 7"
                    />
                  </svg>
                </div>
                <div>
                  <h3
                    class="text-lg font-semibold text-foreground"
                  >
                    Email
                  </h3>
                  <p
                    class="text-muted-foreground"
                  >
                    sales@securewatch-ai.com
                  </p>
                  <p
                    class="text-muted-foreground"
                  >
                    support@securewatch-ai.com
                  </p>
                </div>
              </div>
              <div
                class="flex items-start space-x-4"
              >
                <div
                  class="flex h-10 w-10 items-center justify-center rounded-lg bg-primary/10"
                >
                  <svg
                    class="lucide lucide-phone h-5 w-5 text-primary"
                    fill="none"
                    height="24"
                    stroke="currentColor"
                    stroke-linecap="round"
                    stroke-linejoin="round"
                    stroke-width="2"
                    viewBox="0 0 24 24"
                    width="24"
                    xmlns="http://www.w3.org/2000/svg"
                  >
                    <path
                      d="M22 16.92v3a2 2 0 0 1-2.18 2 19.79 19.79 0 0 1-8.63-3.07 19.5 19.5 0 0 1-6-6 19.79 19.79 0 0 1-3.07-8.67A2 2 0 0 1 4.11 2h3a2 2 0 0 1 2 1.72 12.84 12.84 0 0 0 .7 2.81 2 2 0 0 1-.45 2.11L8.09 9.91a16 16 0 0 0 6 6l1.27-1.27a2 2 0 0 1 2.11-.45 12.84 12.84 0 0 0 2.81.7A2 2 0 0 1 22 16.92z"
                    />
                  </svg>
                </div>
                <div>
                  <h3
                    class="text-lg font-semibold text-foreground"
                  >
                    Phone
                  </h3>
                  <p
                    class="text-muted-foreground"
                  >
                    +1 (555) 123-4567
                  </p>
                  <p
                    class="text-sm text-muted-foreground"
                  >
                    Monday - Friday, 9AM - 6PM EST
                  </p>
                </div>
              </div>
              <div
                class="flex items-start space-x-4"
              >
                <div
                  class="flex h-10 w-10 items-center justify-center rounded-lg bg-primary/10"
                >
                  <svg
                    class="lucide lucide-map-pin h-5 w-5 text-primary"
                    fill="none"
                    height="24"
                    stroke="currentColor"
                    stroke-linecap="round"
                    stroke-linejoin="round"
                    stroke-width="2"
                    viewBox="0 0 24 24"
                    width="24"
                    xmlns="http://www.w3.org/2000/svg"
                  >
                    <path
                      d="M20 10c0 6-8 12-8 12s-8-6-8-12a8 8 0 0 1 16 0Z"
                    />
                    <circle
                      cx="12"
                      cy="10"
                      r="3"
                    />
                  </svg>
                </div>
                <div>
                  <h3
                    class="text-lg font-semibold text-foreground"
                  >
                    Office
                  </h3>
                  <p
                    class="text-muted-foreground"
                  >
                    123 Innovation Drive
                    <br />
                    San Francisco, CA 94105
                    <br />
                    United States
                  </p>
                </div>
              </div>
            </div>
            <div
              class="rounded-lg border text-card-foreground shadow-sm bg-primary/5 border-primary/20"
            >
              <div
                class="flex flex-col space-y-1.5 p-6"
              >
                <h3
                  class="font-semibold tracking-tight text-lg"
                >
                  Enterprise Customers
                </h3>
              </div>
              <div
                class="p-6 pt-0"
              >
                <p
                  class="text-sm text-muted-foreground mb-4"
                >
                  For enterprise inquiries requiring custom solutions, dedicated support, or on-premise deployment, contact our enterprise team directly.
                </p>
                <a
                  class="inline-flex items-center justify-center whitespace-nowrap rounded-md text-sm font-medium ring-offset-background transition-colors focus-visible:outline-none focus-visible:ring-2 focus-visible:ring-ring focus-visible:ring-offset-2 disabled:pointer-events-none disabled:opacity-50 border border-input bg-background hover:bg-accent hover:text-accent-foreground h-10 px-4 py-2"
                  href="mailto:enterprise@securewatch-ai.com"
                >
                  Contact Enterprise Sales
                </a>
              </div>
            </div>
          </div>
        </div>
      </div>
    </section>
    <section
      class="bg-muted/50 py-24 sm:py-32"
    >
      <div
        class="mx-auto max-w-7xl px-6 lg:px-8"
      >
        <div
          class="mx-auto max-w-2xl text-center"
        >
          <h2
            class="text-3xl font-bold tracking-tight text-foreground sm:text-4xl"
          >
            Common Questions
          </h2>
          <p
            class="mt-4 text-lg text-muted-foreground"
          >
            Quick answers to help you get started
          </p>
        </div>
        <div
          class="mx-auto mt-16 max-w-2xl space-y-8"
        >
          <div>
            <h3
              class="text-lg font-semibold text-foreground"
            >
              How quickly can we get started?
            </h3>
            <p
              class="mt-2 text-muted-foreground"
            >
              Most deployments can begin within 1-2 weeks after initial consultation. The timeline depends on your infrastructure complexity and requirements.
            </p>
          </div>
          <div>
            <h3
              class="text-lg font-semibold text-foreground"
            >
              Do you integrate with existing camera systems?
            </h3>
            <p
              class="mt-2 text-muted-foreground"
            >
              Yes, we support most major camera brands and VMS systems. Our platform can work with your existing infrastructure.
            </p>
          </div>
          <div>
            <h3
              class="text-lg font-semibold text-foreground"
            >
              What about data privacy and compliance?
            </h3>
            <p
              class="mt-2 text-muted-foreground"
            >
              We're fully GDPR compliant with built-in privacy features including face anonymization, encryption, and configurable data retention policies.
            </p>
          </div>
        </div>
      </div>
    </section>
  </div>
</div>
`;
