// Jest Snapshot v1, https://goo.gl/fbAQLP

exports[`Pricing Page renders pricing page correctly 1`] = `
<div>
  <div
    class="flex flex-col"
  >
    <section
      class="relative bg-gradient-to-b from-background to-muted/20 px-6 py-24 sm:py-32 lg:px-8"
    >
      <div
        class="mx-auto max-w-2xl text-center"
      >
        <h1
          class="text-4xl font-bold tracking-tight text-foreground sm:text-5xl"
        >
          Simple, Transparent Pricing
        </h1>
        <p
          class="mt-6 text-lg leading-8 text-muted-foreground"
        >
          Choose the perfect plan for your security needs. All plans include our core AI surveillance features.
        </p>
      </div>
    </section>
    <section
      class="py-8"
    >
      <div
        class="mx-auto max-w-7xl px-6 lg:px-8"
      >
        <div
          class="flex items-center justify-center space-x-4"
        >
          <label
            class="peer-disabled:cursor-not-allowed peer-disabled:opacity-70 text-sm font-medium"
            for="pricing-toggle"
          >
            Monthly
          </label>
          <button
            aria-checked="false"
            class="peer inline-flex h-6 w-11 shrink-0 cursor-pointer items-center rounded-full border-2 border-transparent transition-colors focus-visible:outline-none focus-visible:ring-2 focus-visible:ring-ring focus-visible:ring-offset-2 focus-visible:ring-offset-background disabled:cursor-not-allowed disabled:opacity-50 data-[state=checked]:bg-primary data-[state=unchecked]:bg-input"
            data-state="unchecked"
            id="pricing-toggle"
            role="switch"
            type="button"
            value="on"
          >
            <span
              class="pointer-events-none block h-5 w-5 rounded-full bg-background shadow-lg ring-0 transition-transform data-[state=checked]:translate-x-5 data-[state=unchecked]:translate-x-0"
              data-state="unchecked"
            />
          </button>
          <label
            class="peer-disabled:cursor-not-allowed peer-disabled:opacity-70 text-sm font-medium"
            for="pricing-toggle"
          >
            Yearly
            <span
              class="ml-1.5 inline-flex items-center rounded-full bg-primary/10 px-2 py-1 text-xs font-medium text-primary"
            >
              Save 17%
            </span>
          </label>
        </div>
      </div>
    </section>
    <section
      class="pb-24 sm:pb-32"
    >
      <div
        class="mx-auto max-w-7xl px-6 lg:px-8"
      >
        <div
          class="grid grid-cols-1 gap-8 lg:grid-cols-3"
        >
          <div
            class="rounded-lg border bg-card text-card-foreground shadow-sm relative"
          >
            <div
              class="flex flex-col space-y-1.5 p-6 text-center"
            >
              <h3
                class="font-semibold tracking-tight text-xl"
              >
                Basic
              </h3>
              <p
                class="text-sm text-muted-foreground mt-2"
              >
                Perfect for small businesses and single locations
              </p>
              <div
                class="mt-6"
              >
                <span
                  class="text-4xl font-bold text-foreground"
                >
                  $
                  199
                </span>
                <span
                  class="text-sm text-muted-foreground"
                >
                  /
                  month
                </span>
              </div>
            </div>
            <div
              class="p-6 pt-0 space-y-4"
            >
              <ul
                class="space-y-3"
              >
                <li
                  class="flex items-center space-x-3"
                >
                  <svg
                    class="lucide lucide-check h-5 w-5 text-primary flex-shrink-0"
                    fill="none"
                    height="24"
                    stroke="currentColor"
                    stroke-linecap="round"
                    stroke-linejoin="round"
                    stroke-width="2"
                    viewBox="0 0 24 24"
                    width="24"
                    xmlns="http://www.w3.org/2000/svg"
                  >
                    <path
                      d="M20 6 9 17l-5-5"
                    />
                  </svg>
                  <span
                    class="text-sm text-muted-foreground"
                  >
                    Up to 5 cameras
                  </span>
                </li>
                <li
                  class="flex items-center space-x-3"
                >
                  <svg
                    class="lucide lucide-check h-5 w-5 text-primary flex-shrink-0"
                    fill="none"
                    height="24"
                    stroke="currentColor"
                    stroke-linecap="round"
                    stroke-linejoin="round"
                    stroke-width="2"
                    viewBox="0 0 24 24"
                    width="24"
                    xmlns="http://www.w3.org/2000/svg"
                  >
                    <path
                      d="M20 6 9 17l-5-5"
                    />
                  </svg>
                  <span
                    class="text-sm text-muted-foreground"
                  >
                    Real-time AI monitoring
                  </span>
                </li>
                <li
                  class="flex items-center space-x-3"
                >
                  <svg
                    class="lucide lucide-check h-5 w-5 text-primary flex-shrink-0"
                    fill="none"
                    height="24"
                    stroke="currentColor"
                    stroke-linecap="round"
                    stroke-linejoin="round"
                    stroke-width="2"
                    viewBox="0 0 24 24"
                    width="24"
                    xmlns="http://www.w3.org/2000/svg"
                  >
                    <path
                      d="M20 6 9 17l-5-5"
                    />
                  </svg>
                  <span
                    class="text-sm text-muted-foreground"
                  >
                    Basic alert notifications
                  </span>
                </li>
                <li
                  class="flex items-center space-x-3"
                >
                  <svg
                    class="lucide lucide-check h-5 w-5 text-primary flex-shrink-0"
                    fill="none"
                    height="24"
                    stroke="currentColor"
                    stroke-linecap="round"
                    stroke-linejoin="round"
                    stroke-width="2"
                    viewBox="0 0 24 24"
                    width="24"
                    xmlns="http://www.w3.org/2000/svg"
                  >
                    <path
                      d="M20 6 9 17l-5-5"
                    />
                  </svg>
                  <span
                    class="text-sm text-muted-foreground"
                  >
                    7-day video retention
                  </span>
                </li>
                <li
                  class="flex items-center space-x-3"
                >
                  <svg
                    class="lucide lucide-check h-5 w-5 text-primary flex-shrink-0"
                    fill="none"
                    height="24"
                    stroke="currentColor"
                    stroke-linecap="round"
                    stroke-linejoin="round"
                    stroke-width="2"
                    viewBox="0 0 24 24"
                    width="24"
                    xmlns="http://www.w3.org/2000/svg"
                  >
                    <path
                      d="M20 6 9 17l-5-5"
                    />
                  </svg>
                  <span
                    class="text-sm text-muted-foreground"
                  >
                    Email support
                  </span>
                </li>
                <li
                  class="flex items-center space-x-3"
                >
                  <svg
                    class="lucide lucide-check h-5 w-5 text-primary flex-shrink-0"
                    fill="none"
                    height="24"
                    stroke="currentColor"
                    stroke-linecap="round"
                    stroke-linejoin="round"
                    stroke-width="2"
                    viewBox="0 0 24 24"
                    width="24"
                    xmlns="http://www.w3.org/2000/svg"
                  >
                    <path
                      d="M20 6 9 17l-5-5"
                    />
                  </svg>
                  <span
                    class="text-sm text-muted-foreground"
                  >
                    Standard dashboard
                  </span>
                </li>
                <li
                  class="flex items-center space-x-3"
                >
                  <svg
                    class="lucide lucide-check h-5 w-5 text-primary flex-shrink-0"
                    fill="none"
                    height="24"
                    stroke="currentColor"
                    stroke-linecap="round"
                    stroke-linejoin="round"
                    stroke-width="2"
                    viewBox="0 0 24 24"
                    width="24"
                    xmlns="http://www.w3.org/2000/svg"
                  >
                    <path
                      d="M20 6 9 17l-5-5"
                    />
                  </svg>
                  <span
                    class="text-sm text-muted-foreground"
                  >
                    GDPR compliance
                  </span>
                </li>
              </ul>
              <div
                class="pt-6"
              >
                <a
                  class="inline-flex items-center justify-center whitespace-nowrap rounded-md text-sm font-medium ring-offset-background transition-colors focus-visible:outline-none focus-visible:ring-2 focus-visible:ring-ring focus-visible:ring-offset-2 disabled:pointer-events-none disabled:opacity-50 border border-input bg-background hover:bg-accent hover:text-accent-foreground h-10 px-4 py-2 w-full"
                  href="/contact"
                >
                  Select Plan
                </a>
              </div>
            </div>
          </div>
          <div
            class="rounded-lg border bg-card text-card-foreground relative ring-2 ring-primary shadow-lg scale-105"
          >
            <div
              class="absolute -top-4 left-1/2 -translate-x-1/2"
            >
              <span
                class="inline-flex items-center rounded-full bg-primary px-4 py-1 text-sm font-medium text-primary-foreground"
              >
                Most Popular
              </span>
            </div>
            <div
              class="flex flex-col space-y-1.5 p-6 text-center"
            >
              <h3
                class="font-semibold tracking-tight text-xl"
              >
                Pro
              </h3>
              <p
                class="text-sm text-muted-foreground mt-2"
              >
                Ideal for growing businesses with multiple locations
              </p>
              <div
                class="mt-6"
              >
                <span
                  class="text-4xl font-bold text-foreground"
                >
                  $
                  499
                </span>
                <span
                  class="text-sm text-muted-foreground"
                >
                  /
                  month
                </span>
              </div>
            </div>
            <div
              class="p-6 pt-0 space-y-4"
            >
              <ul
                class="space-y-3"
              >
                <li
                  class="flex items-center space-x-3"
                >
                  <svg
                    class="lucide lucide-check h-5 w-5 text-primary flex-shrink-0"
                    fill="none"
                    height="24"
                    stroke="currentColor"
                    stroke-linecap="round"
                    stroke-linejoin="round"
                    stroke-width="2"
                    viewBox="0 0 24 24"
                    width="24"
                    xmlns="http://www.w3.org/2000/svg"
                  >
                    <path
                      d="M20 6 9 17l-5-5"
                    />
                  </svg>
                  <span
                    class="text-sm text-muted-foreground"
                  >
                    Up to 25 cameras
                  </span>
                </li>
                <li
                  class="flex items-center space-x-3"
                >
                  <svg
                    class="lucide lucide-check h-5 w-5 text-primary flex-shrink-0"
                    fill="none"
                    height="24"
                    stroke="currentColor"
                    stroke-linecap="round"
                    stroke-linejoin="round"
                    stroke-width="2"
                    viewBox="0 0 24 24"
                    width="24"
                    xmlns="http://www.w3.org/2000/svg"
                  >
                    <path
                      d="M20 6 9 17l-5-5"
                    />
                  </svg>
                  <span
                    class="text-sm text-muted-foreground"
                  >
                    Advanced AI analytics
                  </span>
                </li>
                <li
                  class="flex items-center space-x-3"
                >
                  <svg
                    class="lucide lucide-check h-5 w-5 text-primary flex-shrink-0"
                    fill="none"
                    height="24"
                    stroke="currentColor"
                    stroke-linecap="round"
                    stroke-linejoin="round"
                    stroke-width="2"
                    viewBox="0 0 24 24"
                    width="24"
                    xmlns="http://www.w3.org/2000/svg"
                  >
                    <path
                      d="M20 6 9 17l-5-5"
                    />
                  </svg>
                  <span
                    class="text-sm text-muted-foreground"
                  >
                    Custom alert scenarios
                  </span>
                </li>
                <li
                  class="flex items-center space-x-3"
                >
                  <svg
                    class="lucide lucide-check h-5 w-5 text-primary flex-shrink-0"
                    fill="none"
                    height="24"
                    stroke="currentColor"
                    stroke-linecap="round"
                    stroke-linejoin="round"
                    stroke-width="2"
                    viewBox="0 0 24 24"
                    width="24"
                    xmlns="http://www.w3.org/2000/svg"
                  >
                    <path
                      d="M20 6 9 17l-5-5"
                    />
                  </svg>
                  <span
                    class="text-sm text-muted-foreground"
                  >
                    30-day video retention
                  </span>
                </li>
                <li
                  class="flex items-center space-x-3"
                >
                  <svg
                    class="lucide lucide-check h-5 w-5 text-primary flex-shrink-0"
                    fill="none"
                    height="24"
                    stroke="currentColor"
                    stroke-linecap="round"
                    stroke-linejoin="round"
                    stroke-width="2"
                    viewBox="0 0 24 24"
                    width="24"
                    xmlns="http://www.w3.org/2000/svg"
                  >
                    <path
                      d="M20 6 9 17l-5-5"
                    />
                  </svg>
                  <span
                    class="text-sm text-muted-foreground"
                  >
                    Priority support
                  </span>
                </li>
                <li
                  class="flex items-center space-x-3"
                >
                  <svg
                    class="lucide lucide-check h-5 w-5 text-primary flex-shrink-0"
                    fill="none"
                    height="24"
                    stroke="currentColor"
                    stroke-linecap="round"
                    stroke-linejoin="round"
                    stroke-width="2"
                    viewBox="0 0 24 24"
                    width="24"
                    xmlns="http://www.w3.org/2000/svg"
                  >
                    <path
                      d="M20 6 9 17l-5-5"
                    />
                  </svg>
                  <span
                    class="text-sm text-muted-foreground"
                  >
                    Advanced dashboards
                  </span>
                </li>
                <li
                  class="flex items-center space-x-3"
                >
                  <svg
                    class="lucide lucide-check h-5 w-5 text-primary flex-shrink-0"
                    fill="none"
                    height="24"
                    stroke="currentColor"
                    stroke-linecap="round"
                    stroke-linejoin="round"
                    stroke-width="2"
                    viewBox="0 0 24 24"
                    width="24"
                    xmlns="http://www.w3.org/2000/svg"
                  >
                    <path
                      d="M20 6 9 17l-5-5"
                    />
                  </svg>
                  <span
                    class="text-sm text-muted-foreground"
                  >
                    Multi-user management
                  </span>
                </li>
                <li
                  class="flex items-center space-x-3"
                >
                  <svg
                    class="lucide lucide-check h-5 w-5 text-primary flex-shrink-0"
                    fill="none"
                    height="24"
                    stroke="currentColor"
                    stroke-linecap="round"
                    stroke-linejoin="round"
                    stroke-width="2"
                    viewBox="0 0 24 24"
                    width="24"
                    xmlns="http://www.w3.org/2000/svg"
                  >
                    <path
                      d="M20 6 9 17l-5-5"
                    />
                  </svg>
                  <span
                    class="text-sm text-muted-foreground"
                  >
                    API access
                  </span>
                </li>
                <li
                  class="flex items-center space-x-3"
                >
                  <svg
                    class="lucide lucide-check h-5 w-5 text-primary flex-shrink-0"
                    fill="none"
                    height="24"
                    stroke="currentColor"
                    stroke-linecap="round"
                    stroke-linejoin="round"
                    stroke-width="2"
                    viewBox="0 0 24 24"
                    width="24"
                    xmlns="http://www.w3.org/2000/svg"
                  >
                    <path
                      d="M20 6 9 17l-5-5"
                    />
                  </svg>
                  <span
                    class="text-sm text-muted-foreground"
                  >
                    Custom integrations
                  </span>
                </li>
              </ul>
              <div
                class="pt-6"
              >
                <a
                  class="inline-flex items-center justify-center whitespace-nowrap rounded-md text-sm font-medium ring-offset-background transition-colors focus-visible:outline-none focus-visible:ring-2 focus-visible:ring-ring focus-visible:ring-offset-2 disabled:pointer-events-none disabled:opacity-50 bg-primary text-primary-foreground hover:bg-primary/90 h-10 px-4 py-2 w-full"
                  href="/contact"
                >
                  Select Plan
                </a>
              </div>
            </div>
          </div>
          <div
            class="rounded-lg border bg-card text-card-foreground shadow-sm relative"
          >
            <div
              class="flex flex-col space-y-1.5 p-6 text-center"
            >
              <h3
                class="font-semibold tracking-tight text-xl"
              >
                Enterprise
              </h3>
              <p
                class="text-sm text-muted-foreground mt-2"
              >
                For large organizations with complex requirements
              </p>
              <div
                class="mt-6"
              >
                <span
                  class="text-4xl font-bold text-foreground"
                >
                  $
                  999
                </span>
                <span
                  class="text-sm text-muted-foreground"
                >
                  /
                  month
                </span>
              </div>
            </div>
            <div
              class="p-6 pt-0 space-y-4"
            >
              <ul
                class="space-y-3"
              >
                <li
                  class="flex items-center space-x-3"
                >
                  <svg
                    class="lucide lucide-check h-5 w-5 text-primary flex-shrink-0"
                    fill="none"
                    height="24"
                    stroke="currentColor"
                    stroke-linecap="round"
                    stroke-linejoin="round"
                    stroke-width="2"
                    viewBox="0 0 24 24"
                    width="24"
                    xmlns="http://www.w3.org/2000/svg"
                  >
                    <path
                      d="M20 6 9 17l-5-5"
                    />
                  </svg>
                  <span
                    class="text-sm text-muted-foreground"
                  >
                    Unlimited cameras
                  </span>
                </li>
                <li
                  class="flex items-center space-x-3"
                >
                  <svg
                    class="lucide lucide-check h-5 w-5 text-primary flex-shrink-0"
                    fill="none"
                    height="24"
                    stroke="currentColor"
                    stroke-linecap="round"
                    stroke-linejoin="round"
                    stroke-width="2"
                    viewBox="0 0 24 24"
                    width="24"
                    xmlns="http://www.w3.org/2000/svg"
                  >
                    <path
                      d="M20 6 9 17l-5-5"
                    />
                  </svg>
                  <span
                    class="text-sm text-muted-foreground"
                  >
                    Full AI suite
                  </span>
                </li>
                <li
                  class="flex items-center space-x-3"
                >
                  <svg
                    class="lucide lucide-check h-5 w-5 text-primary flex-shrink-0"
                    fill="none"
                    height="24"
                    stroke="currentColor"
                    stroke-linecap="round"
                    stroke-linejoin="round"
                    stroke-width="2"
                    viewBox="0 0 24 24"
                    width="24"
                    xmlns="http://www.w3.org/2000/svg"
                  >
                    <path
                      d="M20 6 9 17l-5-5"
                    />
                  </svg>
                  <span
                    class="text-sm text-muted-foreground"
                  >
                    Custom AI models
                  </span>
                </li>
                <li
                  class="flex items-center space-x-3"
                >
                  <svg
                    class="lucide lucide-check h-5 w-5 text-primary flex-shrink-0"
                    fill="none"
                    height="24"
                    stroke="currentColor"
                    stroke-linecap="round"
                    stroke-linejoin="round"
                    stroke-width="2"
                    viewBox="0 0 24 24"
                    width="24"
                    xmlns="http://www.w3.org/2000/svg"
                  >
                    <path
                      d="M20 6 9 17l-5-5"
                    />
                  </svg>
                  <span
                    class="text-sm text-muted-foreground"
                  >
                    Configurable retention
                  </span>
                </li>
                <li
                  class="flex items-center space-x-3"
                >
                  <svg
                    class="lucide lucide-check h-5 w-5 text-primary flex-shrink-0"
                    fill="none"
                    height="24"
                    stroke="currentColor"
                    stroke-linecap="round"
                    stroke-linejoin="round"
                    stroke-width="2"
                    viewBox="0 0 24 24"
                    width="24"
                    xmlns="http://www.w3.org/2000/svg"
                  >
                    <path
                      d="M20 6 9 17l-5-5"
                    />
                  </svg>
                  <span
                    class="text-sm text-muted-foreground"
                  >
                    24/7 dedicated support
                  </span>
                </li>
                <li
                  class="flex items-center space-x-3"
                >
                  <svg
                    class="lucide lucide-check h-5 w-5 text-primary flex-shrink-0"
                    fill="none"
                    height="24"
                    stroke="currentColor"
                    stroke-linecap="round"
                    stroke-linejoin="round"
                    stroke-width="2"
                    viewBox="0 0 24 24"
                    width="24"
                    xmlns="http://www.w3.org/2000/svg"
                  >
                    <path
                      d="M20 6 9 17l-5-5"
                    />
                  </svg>
                  <span
                    class="text-sm text-muted-foreground"
                  >
                    White-label options
                  </span>
                </li>
                <li
                  class="flex items-center space-x-3"
                >
                  <svg
                    class="lucide lucide-check h-5 w-5 text-primary flex-shrink-0"
                    fill="none"
                    height="24"
                    stroke="currentColor"
                    stroke-linecap="round"
                    stroke-linejoin="round"
                    stroke-width="2"
                    viewBox="0 0 24 24"
                    width="24"
                    xmlns="http://www.w3.org/2000/svg"
                  >
                    <path
                      d="M20 6 9 17l-5-5"
                    />
                  </svg>
                  <span
                    class="text-sm text-muted-foreground"
                  >
                    Advanced analytics
                  </span>
                </li>
                <li
                  class="flex items-center space-x-3"
                >
                  <svg
                    class="lucide lucide-check h-5 w-5 text-primary flex-shrink-0"
                    fill="none"
                    height="24"
                    stroke="currentColor"
                    stroke-linecap="round"
                    stroke-linejoin="round"
                    stroke-width="2"
                    viewBox="0 0 24 24"
                    width="24"
                    xmlns="http://www.w3.org/2000/svg"
                  >
                    <path
                      d="M20 6 9 17l-5-5"
                    />
                  </svg>
                  <span
                    class="text-sm text-muted-foreground"
                  >
                    SLA guarantees
                  </span>
                </li>
                <li
                  class="flex items-center space-x-3"
                >
                  <svg
                    class="lucide lucide-check h-5 w-5 text-primary flex-shrink-0"
                    fill="none"
                    height="24"
                    stroke="currentColor"
                    stroke-linecap="round"
                    stroke-linejoin="round"
                    stroke-width="2"
                    viewBox="0 0 24 24"
                    width="24"
                    xmlns="http://www.w3.org/2000/svg"
                  >
                    <path
                      d="M20 6 9 17l-5-5"
                    />
                  </svg>
                  <span
                    class="text-sm text-muted-foreground"
                  >
                    On-premise deployment
                  </span>
                </li>
                <li
                  class="flex items-center space-x-3"
                >
                  <svg
                    class="lucide lucide-check h-5 w-5 text-primary flex-shrink-0"
                    fill="none"
                    height="24"
                    stroke="currentColor"
                    stroke-linecap="round"
                    stroke-linejoin="round"
                    stroke-width="2"
                    viewBox="0 0 24 24"
                    width="24"
                    xmlns="http://www.w3.org/2000/svg"
                  >
                    <path
                      d="M20 6 9 17l-5-5"
                    />
                  </svg>
                  <span
                    class="text-sm text-muted-foreground"
                  >
                    Custom development
                  </span>
                </li>
              </ul>
              <div
                class="pt-6"
              >
                <a
                  class="inline-flex items-center justify-center whitespace-nowrap rounded-md text-sm font-medium ring-offset-background transition-colors focus-visible:outline-none focus-visible:ring-2 focus-visible:ring-ring focus-visible:ring-offset-2 disabled:pointer-events-none disabled:opacity-50 border border-input bg-background hover:bg-accent hover:text-accent-foreground h-10 px-4 py-2 w-full"
                  href="/contact"
                >
                  Select Plan
                </a>
              </div>
            </div>
          </div>
        </div>
      </div>
    </section>
    <section
      class="bg-muted/50 py-24 sm:py-32"
    >
      <div
        class="mx-auto max-w-7xl px-6 lg:px-8"
      >
        <div
          class="mx-auto max-w-2xl text-center"
        >
          <h2
            class="text-3xl font-bold tracking-tight text-foreground sm:text-4xl"
          >
            Frequently Asked Questions
          </h2>
        </div>
        <div
          class="mx-auto mt-16 max-w-2xl space-y-8"
        >
                      
          <div>
            <h3
              class="text-lg font-semibold text-foreground"
            >
              Can I upgrade or downgrade my plan?
            </h3>
            <p
              class="mt-2 text-muted-foreground"
            >
              Yes, you can change your plan at any time. Upgrades take effect immediately, while downgrades take effect at the next billing cycle.
            </p>
          </div>
          <div>
            <h3
              class="text-lg font-semibold text-foreground"
            >
              What payment methods do you accept?
            </h3>
            <p
              class="mt-2 text-muted-foreground"
            >
              We accept all major credit cards (Visa, MasterCard, American Express), PayPal, and bank transfers for annual plans.
            </p>
          </div>
          <div>
            <h3
              class="text-lg font-semibold text-foreground"
            >
              Is there a free trial available?
            </h3>
            <p
              class="mt-2 text-muted-foreground"
            >
              Yes, we offer a 14-day free trial for all plans. No credit card required to start.
            </p>
          </div>
          <div>
            <h3
              class="text-lg font-semibold text-foreground"
            >
              What happens to my data if I cancel?
            </h3>
            <p
              class="mt-2 text-muted-foreground"
            >
              Your data is retained for 30 days after cancellation, giving you time to export any important information. After 30 days, all data is permanently deleted.
            </p>
          </div>
          <div>
            <h3
              class="text-lg font-semibold text-foreground"
            >
              Do you offer custom enterprise solutions?
            </h3>
            <p
              class="mt-2 text-muted-foreground"
            >
              Yes, our Enterprise plan includes custom development and on-premise deployment options. Contact us to discuss your specific requirements.
            </p>
          </div>
        </div>
      </div>
    </section>
    <section
      class="py-24 sm:py-32"
    >
      <div
        class="mx-auto max-w-7xl px-6 lg:px-8"
      >
        <div
          class="mx-auto max-w-2xl text-center"
        >
          <h2
            class="text-3xl font-bold tracking-tight text-foreground sm:text-4xl"
          >
            Ready to secure your business?
          </h2>
          <p
            class="mx-auto mt-6 max-w-xl text-lg leading-8 text-muted-foreground"
          >
            Start your free trial today and experience the power of AI-driven surveillance.
          </p>
          <div
            class="mt-10 flex items-center justify-center gap-x-6"
          >
            <a
              class="inline-flex items-center justify-center whitespace-nowrap text-sm font-medium ring-offset-background transition-colors focus-visible:outline-none focus-visible:ring-2 focus-visible:ring-ring focus-visible:ring-offset-2 disabled:pointer-events-none disabled:opacity-50 bg-primary text-primary-foreground hover:bg-primary/90 h-11 rounded-md px-8"
              href="/contact"
            >
              Start Free Trial
            </a>
            <a
              class="inline-flex items-center justify-center whitespace-nowrap text-sm font-medium ring-offset-background transition-colors focus-visible:outline-none focus-visible:ring-2 focus-visible:ring-ring focus-visible:ring-offset-2 disabled:pointer-events-none disabled:opacity-50 border border-input bg-background hover:bg-accent hover:text-accent-foreground h-11 rounded-md px-8"
              href="/contact"
            >
              Contact Sales
            </a>
          </div>
        </div>
      </div>
    </section>
  </div>
</div>
`;
